Conectando a Google Sheets...

CONFIRMADOS CJ — HOY (08/07/2026)
  Filas: 8
  Mensaje: CONFIRMADOS CJ — HOY (08/07/2026)
Para hoy tenemos 5 agendados, 1 evaluación y 2 retoques
  Enviando WhatsApp...
  Enviado

CONFIRMADOS CJ — MAÑANA (09/07/2026)
Conectando a Google Sheets...

CONFIRMADOS CJ — HOY (09/07/2026)
  Filas: 4
  Mensaje: CONFIRMADOS CJ — HOY (09/07/2026)
Para hoy tenemos 3 agendados y 1 retoque
  Enviando WhatsApp...
  Enviado

CONFIRMADOS CJ — MAÑANA (10/07/2026)
  Filas: 8
  Mensaje: CONFIRMADOS CJ — MAÑANA (10/07/2026)
Para mañana tenemos 7 agendados y 1 retoque
  Enviando WhatsApp...
  Enviado

CONFIRMADOS BM — HOY (09/07/2026)
  Filas: 6
  Mensaje: CONFIRMADOS BM — HOY (09/07/2026)
Para hoy tenemos 4 agendados y 2 evaluaciones
  Enviando WhatsApp...
  Enviado

CONFIRMADOS BM — MAÑANA (10/07/2026)
  Filas: 6
  Mensaje: CONFIRMADOS BM — MAÑANA (10/07/2026)
Para mañana tenemos 5 agendados y 1 evaluación
  Enviando WhatsApp...
  Enviado

✅ Finalizado.
Conectando a Google Sheets...

CONFIRMADOS CJ — HOY (10/07/2026)
  Filas: 13
  Mensaje: CONFIRMADOS CJ — HOY (10/07/2026)
Para hoy tenemos 10 agendados y 3 retoques
  Enviando WhatsApp...
  Enviado

CONFIRMADOS CJ — MAÑANA (11/07/2026)
  Filas: 20
  Mensaje: CONFIRMADOS CJ — MAÑANA (11/07/2026)
Para mañana tenemos 16 agendados y 4 retoques
  Enviando WhatsApp...
  Enviado

CONFIRMADOS BM — HOY (10/07/2026)
  Filas: 7
  Mensaje: CONFIRMADOS BM — HOY (10/07/2026)
Para hoy tenemos 5 agendados y 2 evaluaciones
  Enviando WhatsApp...
  Enviado

CONFIRMADOS BM — MAÑANA (11/07/2026)
  Filas: 13
  Mensaje: CONFIRMADOS BM — MAÑANA (11/07/2026)
Para mañana tenemos 9 agendados y 4 evaluaciones
  Enviando WhatsApp...
  Enviado

✅ Finalizado.
