2026-07-15 15:26:52,266 INFO Descargando Excel desde Google Drive...
2026-07-15 15:28:11,234 INFO Descargando Excel desde Google Drive...
2026-07-15 15:28:20,793 INFO Agendados hoy: 0 en 0 CRMs
2026-07-15 15:28:20,793 INFO Abriendo Safari para WhatsApp Web...
2026-07-15 15:28:21,947 INFO Esperando WhatsApp Web... (si aparece QR, escanealo con tu telefono)
2026-07-15 15:29:34,680 ERROR Error inesperado: Message: 

2026-07-15 15:29:59,826 INFO Descargando Excel desde Google Drive...
2026-07-15 15:30:07,762 INFO Agendados hoy: 0 en 0 CRMs
2026-07-15 15:30:07,762 INFO Abriendo Safari para WhatsApp Web...
2026-07-15 15:30:08,964 INFO Esperando WhatsApp Web... (si aparece QR, escanealo con tu telefono)
2026-07-15 15:33:08,020 INFO Descargando Excel desde Google Drive...
2026-07-15 15:33:17,567 INFO Agendados hoy: 0 en 0 CRMs
2026-07-15 15:33:17,567 INFO Abriendo Safari para WhatsApp Web...
2026-07-15 15:33:18,742 INFO Esperando WhatsApp Web... (si aparece QR, escanealo con tu telefono)
2026-07-15 15:34:39,625 ERROR Error inesperado: Message: 

2026-07-15 15:37:03,765 INFO Descargando Excel desde Google Drive...
2026-07-15 15:37:17,360 INFO Agendados hoy: 0 en 0 CRMs
2026-07-15 15:37:18,300 INFO Enviando texto por WhatsApp...
2026-07-15 15:37:18,300 ERROR Error al enviar: sendwhatmsg() missing 2 required positional arguments: 'time_hour' and 'time_min'
2026-07-15 15:38:45,219 INFO Descargando Excel desde Google Drive...
2026-07-15 15:39:19,607 INFO Agendados hoy: 0 en 0 CRMs
2026-07-15 15:39:20,254 INFO Enviando texto por WhatsApp...
2026-07-15 15:39:20,255 ERROR Error al enviar: Country Code Missing in Phone Number!
2026-07-15 15:40:26,868 INFO Descargando Excel desde Google Drive...
2026-07-15 15:40:33,978 INFO Agendados hoy: 0 en 0 CRMs
2026-07-15 15:40:34,663 INFO Enviando texto por WhatsApp...
2026-07-15 15:40:34,664 ERROR Error al enviar: Call Time must be Greater than Wait Time as WhatsApp Web takes some Time to Load!
2026-07-15 15:41:30,119 INFO Descargando Excel desde Google Drive...
2026-07-15 15:41:36,710 INFO Agendados hoy: 0 en 0 CRMs
2026-07-15 15:41:37,384 INFO Enviando texto por WhatsApp...
2026-07-15 15:44:43,504 INFO Descargando Excel desde Google Drive...
2026-07-15 15:44:54,091 INFO Agendados hoy: 0 en 0 CRMs
2026-07-15 15:44:54,863 INFO Enviando imagen por WhatsApp...
2026-07-15 15:45:11,779 INFO Imagen enviada!
2026-07-15 15:45:11,784 INFO Reporte enviado correctamente!
2026-07-15 15:45:11,784 INFO Listo!
2026-07-15 15:46:33,077 INFO Descargando Excel desde Google Drive...
2026-07-15 15:46:43,746 INFO Agendados hoy: 0 en 0 CRMs
2026-07-15 15:46:45,007 INFO Enviando imagen por WhatsApp...
2026-07-15 15:47:02,151 INFO Imagen enviada!
2026-07-15 15:47:02,156 INFO Reporte enviado correctamente!
2026-07-15 15:47:02,156 INFO Listo!
2026-07-15 15:51:53,866 INFO Descargando Excel desde Google Drive...
2026-07-15 15:52:07,878 INFO Agendados hoy: 41 en 4 CRMs
2026-07-15 15:52:07,879 INFO Generando grafico...
2026-07-15 15:52:09,121 INFO Enviando imagen por WhatsApp...
2026-07-15 15:52:26,628 INFO Imagen enviada!
2026-07-15 15:52:26,634 INFO Reporte enviado correctamente!
2026-07-15 15:52:26,634 INFO Listo!
2026-07-15 15:55:29,203 INFO Descargando Excel desde Google Drive...
2026-07-15 15:55:42,110 INFO Agendados hoy: 41 en 4 CRMs
2026-07-15 15:55:42,111 INFO Generando grafico...
2026-07-15 15:55:42,925 INFO Abriendo WhatsApp Web en Safari...
2026-07-15 15:55:59,913 INFO Esperando que cargue el chat...
2026-07-15 15:56:07,918 INFO Enviando con Enter...
2026-07-15 15:56:10,064 INFO Imagen enviada!
2026-07-15 15:56:10,065 INFO Reporte enviado correctamente!
2026-07-15 15:56:10,065 INFO Listo!
2026-07-15 16:10:20,590 INFO Descargando Excel desde Google Drive...
2026-07-15 16:10:42,152 INFO Descargando Excel desde Google Drive...
2026-07-15 16:14:05,100 INFO Descargando Excel desde Google Drive...
2026-07-15 16:14:15,048 INFO Agendados hoy: 1 en 1 CRMs
2026-07-15 16:14:15,049 INFO Generando tabla...
2026-07-15 16:14:15,936 INFO Abriendo WhatsApp Web en Safari...
2026-07-15 16:14:32,950 INFO Esperando que cargue el chat...
2026-07-15 16:14:40,958 INFO Enviando con Enter...
2026-07-15 16:14:43,087 INFO Imagen enviada!
2026-07-15 16:14:43,088 INFO Reporte enviado correctamente!
2026-07-15 16:14:43,088 INFO Listo!
2026-07-15 16:17:35,096 INFO Descargando Excel desde Google Drive...
2026-07-15 16:19:35,603 INFO Descargando Excel desde Google Drive...
2026-07-15 16:19:42,229 INFO Agendados hoy: 40 en 4 CRMs
2026-07-15 16:19:42,229 INFO Generando tabla...
2026-07-15 16:19:43,156 INFO Abriendo WhatsApp Web en Safari...
2026-07-15 16:20:00,321 INFO Esperando que cargue el chat...
2026-07-15 16:20:08,327 INFO Enviando con Enter...
2026-07-15 16:20:10,455 INFO Imagen enviada!
2026-07-15 16:20:10,456 INFO Reporte enviado correctamente!
2026-07-15 16:20:10,456 INFO Listo!
2026-07-15 16:25:25,767 INFO Descargando Excel desde Google Drive...
2026-07-15 16:25:32,453 INFO Agendados hoy: 14 en 3 CRMs
2026-07-15 16:25:32,453 INFO Generando tabla...
2026-07-15 16:25:33,442 INFO Abriendo WhatsApp Web en Safari...
2026-07-15 16:25:50,506 INFO Esperando que cargue el chat...
2026-07-15 16:25:58,514 INFO Enviando con Enter...
2026-07-15 16:26:00,641 INFO Imagen enviada!
2026-07-15 16:26:00,641 INFO Reporte enviado correctamente!
2026-07-15 16:26:00,641 INFO Listo!
2026-07-16 14:01:44,644 INFO Descargando Excel desde Google Drive...
2026-07-16 14:01:54,870 INFO Agendados hoy: 20 en 3 CRMs
2026-07-16 14:01:54,871 INFO Generando tabla...
2026-07-16 14:01:56,204 INFO Abriendo WhatsApp Web en Safari...
2026-07-16 14:02:13,233 INFO Esperando que cargue el chat...
2026-07-16 14:02:21,242 INFO Enviando con Enter...
2026-07-16 14:02:23,377 INFO Imagen enviada!
2026-07-16 14:02:23,379 INFO Reporte enviado correctamente!
2026-07-16 14:02:23,379 INFO Listo!
2026-07-17 14:03:36,630 INFO Descargando Excel desde Google Drive...
2026-07-17 14:03:47,299 INFO Agendados hoy: 7 en 1 CRMs
2026-07-17 14:03:47,300 INFO Generando tabla...
2026-07-17 14:03:48,494 INFO Abriendo WhatsApp Web en Safari...
2026-07-17 14:04:05,770 INFO Esperando que cargue el chat...
2026-07-17 14:04:13,774 INFO Enviando con Enter...
2026-07-17 14:04:15,904 INFO Imagen enviada!
2026-07-17 14:04:15,905 INFO Reporte enviado correctamente!
2026-07-17 14:04:15,905 INFO Listo!
2026-07-20 15:26:15,696 INFO Descargando Excel desde Google Drive...
2026-07-20 15:26:34,165 INFO Agendados hoy: 15 en 3 CRMs
2026-07-20 15:26:34,167 INFO Generando tabla...
2026-07-20 15:26:36,015 INFO Abriendo WhatsApp Web en Safari...
2026-07-20 15:26:54,352 INFO Esperando que cargue el chat...
2026-07-20 15:27:02,366 INFO Enviando con Enter...
2026-07-20 15:27:04,493 INFO Imagen enviada!
2026-07-20 15:27:04,493 INFO Reporte enviado correctamente!
2026-07-20 15:27:04,493 INFO Listo!
2026-07-21 14:44:32,933 INFO Descargando Excel desde Google Drive...
2026-07-21 14:44:42,465 INFO Agendados hoy: 9 en 3 CRMs
2026-07-21 14:44:42,465 INFO Generando tabla...
2026-07-21 14:44:43,650 INFO Abriendo WhatsApp Web en Safari...
2026-07-21 14:45:00,714 INFO Esperando que cargue el chat...
2026-07-21 14:45:08,722 INFO Enviando con Enter...
2026-07-21 14:45:10,863 INFO Imagen enviada!
2026-07-21 14:45:10,864 INFO Reporte enviado correctamente!
2026-07-21 14:45:10,864 INFO Listo!
2026-07-22 22:53:38,675 INFO Descargando Excel desde Google Drive...
2026-07-22 22:53:54,339 INFO Agendados hoy: 8 en 3 CRMs
2026-07-22 22:53:54,341 INFO Generando tabla...
2026-07-22 22:53:56,435 INFO Abriendo WhatsApp Web en Safari...
2026-07-22 22:54:14,599 INFO Esperando que cargue el chat...
2026-07-22 22:54:22,611 INFO Enviando con Enter...
2026-07-22 22:54:24,741 INFO Imagen enviada!
2026-07-22 22:54:24,742 INFO Reporte enviado correctamente!
2026-07-22 22:54:24,742 INFO Listo!
2026-07-24 15:42:11,911 INFO Descargando Excel desde Google Drive...
2026-07-24 15:42:11,912 ERROR Error obteniendo datos: [Errno 2] No such file or directory: '/Users/dermaessenza/TRABAJO/derma-essenza-73300c21ffe8.json'
2026-07-24 15:43:27,604 INFO Descargando Excel desde Google Drive...
2026-07-24 15:43:27,605 ERROR Error obteniendo datos: [Errno 2] No such file or directory: '/Users/dermaessenza/TRABAJO/derma-essenza-73300c21ffe8.json'
2026-07-24 17:04:49,351 INFO Descargando Excel desde Google Drive...
2026-07-24 17:05:05,509 INFO Agendados hoy: 15 en 3 CRMs
2026-07-24 17:05:05,510 INFO Generando tabla...
2026-07-24 17:05:06,690 INFO Abriendo WhatsApp Web en Safari...
2026-07-24 17:05:23,986 INFO Esperando que cargue el chat...
2026-07-24 17:05:31,994 INFO Enviando con Enter...
2026-07-24 17:05:34,127 INFO Imagen enviada!
2026-07-24 17:05:34,128 INFO Reporte enviado correctamente!
2026-07-24 17:05:34,128 INFO Listo!
2026-07-24 17:10:31,364 INFO Descargando Excel desde Google Drive...
2026-07-24 17:10:42,912 INFO Agendados hoy: 14 en 3 CRMs
2026-07-24 17:10:42,913 INFO Generando tabla...
2026-07-24 17:10:44,072 INFO Abriendo WhatsApp Web en Safari...
2026-07-24 17:11:01,374 INFO Esperando que cargue el chat...
2026-07-24 17:11:09,396 INFO Enviando con Enter...
2026-07-24 17:11:11,527 INFO Imagen enviada!
2026-07-24 17:11:11,528 INFO Reporte enviado correctamente!
2026-07-24 17:11:11,528 INFO Listo!
2026-07-25 14:12:46,786 INFO Descargando Excel desde Google Drive...
2026-07-25 14:12:56,324 INFO Agendados hoy: 17 en 4 CRMs
2026-07-25 14:12:56,324 INFO Generando tabla...
2026-07-25 14:12:57,796 INFO Abriendo WhatsApp Web en Safari...
2026-07-25 14:13:15,265 INFO Esperando que cargue el chat...
2026-07-25 14:13:23,273 INFO Enviando con Enter...
2026-07-25 14:13:25,415 INFO Imagen enviada!
2026-07-25 14:13:25,416 INFO Reporte enviado correctamente!
2026-07-25 14:13:25,416 INFO Listo!
2026-07-27 14:36:30,500 INFO Descargando Excel desde Google Drive...
2026-07-27 14:36:50,492 INFO Agendados hoy: 15 en 3 CRMs
2026-07-27 14:36:50,493 INFO Generando tabla...
2026-07-27 14:36:51,712 INFO Abriendo WhatsApp Web en Safari...
2026-07-27 14:37:09,327 INFO Esperando que cargue el chat...
2026-07-27 14:37:17,337 INFO Enviando con Enter...
2026-07-27 14:37:19,465 INFO Imagen enviada!
2026-07-27 14:37:19,468 INFO Reporte enviado correctamente!
2026-07-27 14:37:19,468 INFO Listo!
2026-07-28 16:32:24,510 INFO Descargando Excel desde Google Drive...
2026-07-28 16:32:40,035 INFO Agendados hoy: 14 en 4 CRMs
2026-07-28 16:32:40,036 INFO Generando tabla...
2026-07-28 16:32:41,390 INFO Abriendo WhatsApp Web en Safari...
2026-07-28 16:32:58,933 INFO Esperando que cargue el chat...
2026-07-28 16:33:06,940 INFO Enviando con Enter...
2026-07-28 16:33:09,072 INFO Imagen enviada!
2026-07-28 16:33:09,072 INFO Reporte enviado correctamente!
2026-07-28 16:33:09,072 INFO Listo!
2026-07-29 14:40:59,706 INFO Descargando Excel desde Google Drive...
2026-07-29 14:41:03,410 INFO Agendados hoy: 14 en 3 CRMs
2026-07-29 14:41:03,410 INFO Generando tabla...
2026-07-29 14:41:06,158 INFO Abriendo WhatsApp Web en Safari...
2026-07-29 14:41:23,147 INFO Esperando que cargue el chat...
2026-07-29 14:41:31,150 INFO Enviando con Enter...
2026-07-29 14:41:33,280 INFO Imagen enviada!
2026-07-29 14:41:33,281 INFO Reporte enviado correctamente!
2026-07-29 14:41:33,281 INFO Listo!
2026-07-29 14:42:29,317 INFO Descargando Excel desde Google Drive...
2026-07-29 14:42:31,236 INFO Agendados hoy: 14 en 3 CRMs
2026-07-29 14:42:31,236 INFO Generando tabla...
2026-07-29 14:42:32,703 INFO Abriendo WhatsApp Web en Safari...
2026-07-29 15:07:36,928 INFO Descargando Excel desde Google Drive...
2026-07-29 15:07:38,983 INFO Agendados hoy: 14 en 3 CRMs
2026-07-29 15:07:38,983 INFO Generando tabla...
2026-07-29 15:07:40,074 INFO Abriendo WhatsApp Web en Safari...
2026-07-29 15:07:57,504 INFO Esperando que cargue el chat...
2026-07-29 15:08:05,509 INFO Enviando con Enter...
2026-07-29 15:08:07,638 INFO Imagen enviada!
2026-07-29 15:08:07,639 INFO Reporte enviado correctamente!
2026-07-29 15:08:07,639 INFO Listo!
2026-07-29 15:14:13,997 INFO Descargando Excel desde Google Drive...
2026-07-29 15:14:15,830 INFO Agendados hoy: 14 en 3 CRMs
2026-07-29 15:14:15,830 INFO Generando tabla...
2026-07-29 15:14:16,963 INFO Abriendo WhatsApp Web en Safari...
2026-07-29 15:14:34,122 INFO Esperando que cargue el chat...
2026-07-29 15:14:42,131 INFO Enviando con Enter...
2026-07-29 15:14:44,270 INFO Imagen enviada!
2026-07-29 15:14:44,271 INFO Reporte enviado correctamente!
2026-07-29 15:14:44,271 INFO Listo!
