2026-07-14 14:00:05,479 INFO Obteniendo datos...
2026-07-14 14:00:19,635 INFO Generando imagen...
2026-07-14 14:00:19,822 INFO Abriendo Chrome para WhatsApp Web...
2026-07-14 14:00:32,151 INFO Esperando WhatsApp Web...
2026-07-14 14:00:39,721 WARNING Esperando mas...
2026-07-14 14:00:59,757 INFO Buscando chat 51913600399...
2026-07-15 14:00:04,259 INFO Obteniendo datos...
2026-07-15 14:00:51,365 INFO Obteniendo datos...
2026-07-15 14:00:57,126 INFO Abriendo Chrome para WhatsApp Web...
2026-07-15 14:01:57,757 INFO Esperando WhatsApp Web...
2026-07-15 14:01:57,759 WARNING Esperando mas...
2026-07-15 14:02:11,999 INFO Obteniendo datos...
2026-07-15 14:02:17,811 INFO Buscando chat 51913600399...
2026-07-15 14:02:23,607 INFO Abriendo Chrome para WhatsApp Web...
2026-07-15 14:02:44,766 INFO Esperando WhatsApp Web...
2026-07-15 14:02:44,768 WARNING Esperando mas...
2026-07-15 14:04:58,784 INFO Obteniendo datos...
2026-07-15 14:05:13,908 INFO Abriendo Safari para WhatsApp Web...
2026-07-15 14:06:23,638 INFO Obteniendo datos...
2026-07-15 14:07:48,902 INFO Obteniendo datos...
2026-07-15 14:07:58,744 INFO Abriendo Safari para WhatsApp Web...
2026-07-15 14:11:01,756 INFO Obteniendo datos...
2026-07-15 14:11:16,023 INFO Abriendo Safari para WhatsApp Web...
2026-07-15 14:40:10,977 INFO Obteniendo datos...
2026-07-15 14:40:20,472 INFO Abriendo Safari para WhatsApp Web...
2026-07-15 14:40:23,026 INFO Esperando WhatsApp Web...
2026-07-15 14:41:23,242 WARNING Esperando mas...
2026-07-15 14:41:43,250 INFO Buscando chat 51913600399...
2026-07-15 14:42:53,760 INFO Obteniendo datos...
2026-07-15 14:43:05,720 INFO Abriendo Safari para WhatsApp Web...
2026-07-15 14:44:25,156 INFO Obteniendo datos...
2026-07-15 14:44:34,219 INFO Abriendo Safari para WhatsApp Web...
2026-07-15 14:44:35,912 INFO Esperando WhatsApp Web...
2026-07-15 14:46:50,336 WARNING Esperando mas...
2026-07-15 14:47:10,341 INFO Buscando chat 51913600399...
2026-07-15 14:50:28,806 INFO Obteniendo datos...
2026-07-15 14:50:43,583 INFO Abriendo Chrome para WhatsApp Web...
2026-07-15 14:50:48,367 INFO Esperando WhatsApp Web...
2026-07-15 14:51:48,876 WARNING Esperando mas...
2026-07-15 14:52:08,895 INFO Buscando chat 51913600399...
2026-07-15 14:53:33,222 INFO Obteniendo datos...
2026-07-15 14:53:43,035 INFO Abriendo Chrome para WhatsApp Web...
2026-07-15 14:53:47,226 INFO Esperando WhatsApp Web... (si aparece el codigo QR, escanealo con tu telefono)
2026-07-15 14:56:27,000 INFO Obteniendo datos...
2026-07-15 14:56:49,225 INFO Abriendo Chrome para WhatsApp Web...
2026-07-15 14:56:52,401 INFO Esperando WhatsApp Web... (si aparece el codigo QR, escanealo con tu telefono)
2026-07-15 15:02:30,268 INFO Obteniendo datos...
2026-07-15 15:02:39,964 INFO Abriendo Chrome para WhatsApp Web...
2026-07-15 15:02:44,458 INFO Esperando WhatsApp Web... (si aparece el codigo QR, escanealo con tu telefono)
2026-07-15 15:05:44,680 WARNING WhatsApp tardo en cargar, esperando un poco mas...
2026-07-15 15:06:14,700 INFO Buscando chat 51913600399...
2026-07-15 15:15:24,666 INFO Descargando Excel desde Google Drive...
2026-07-15 15:17:12,390 INFO Descargando Excel desde Google Drive...
2026-07-15 15:17:22,160 INFO Agendados hoy: 0 en 0 CRMs
2026-07-15 15:17:22,161 INFO Abriendo Chrome para WhatsApp Web...
2026-07-15 15:17:24,482 INFO Esperando WhatsApp Web... (si aparece QR, escanealo con tu telefono)
2026-07-15 15:20:24,856 ERROR Timeout esperando WhatsApp Web. Verifica la sesion/QR.
2026-07-16 14:00:08,309 INFO Descargando Excel desde Google Drive...
2026-07-16 14:00:29,200 INFO Agendados hoy: 19 en 3 CRMs
2026-07-16 14:00:29,202 INFO Generando grafico...
2026-07-16 14:00:29,344 INFO Abriendo Chrome para WhatsApp Web...
2026-07-16 14:00:40,528 INFO Esperando WhatsApp Web... (si aparece QR, escanealo con tu telefono)
2026-07-16 14:01:16,760 ERROR Error inesperado: Message: no such window: target window already closed
from unknown error: web view not found
  (Session info: chrome=150.0.7871.115)
Stacktrace:
0   chromedriver                        0x0000000104e47454 chromedriver + 5944404
1   chromedriver                        0x00000001048e84f0 chromedriver + 312560
2   chromedriver                        0x00000001048c1b74 chromedriver + 154484
3   chromedriver                        0x0000000104959d44 chromedriver + 777540
4   chromedriver                        0x00000001049707e0 chromedriver + 870368
5   chromedriver                        0x0000000104927348 chromedriver + 570184
6   chromedriver                        0x0000000104e0c6a4 chromedriver + 5703332
7   chromedriver                        0x0000000104e0ff24 chromedriver + 5717796
8   chromedriver                        0x0000000104df2338 chromedriver + 5595960
9   chromedriver                        0x0000000104e107b8 chromedriver + 5719992
10  chromedriver                        0x0000000104de35e0 chromedriver + 5535200
11  chromedriver                        0x0000000104e35124 chromedriver + 5869860
12  chromedriver                        0x0000000104e35284 chromedriver + 5870212
13  chromedriver                        0x0000000104e470ac chromedriver + 5943468
14  libsystem_pthread.dylib             0x000000018c565c54 _pthread_start + 132
15  libsystem_pthread.dylib             0x000000018c560c18 thread_start + 4

2026-07-17 14:00:06,979 INFO Descargando Excel desde Google Drive...
2026-07-17 14:00:28,291 INFO Agendados hoy: 7 en 1 CRMs
2026-07-17 14:00:28,293 INFO Generando grafico...
2026-07-17 14:00:28,404 INFO Abriendo Chrome para WhatsApp Web...
2026-07-17 14:00:39,262 INFO Esperando WhatsApp Web... (si aparece QR, escanealo con tu telefono)
2026-07-17 14:01:15,797 INFO WhatsApp Web listo!
2026-07-17 14:01:18,640 INFO Abriendo chat con 51968797977...
2026-07-17 14:02:26,246 ERROR Error al enviar imagen: Message: 
Stacktrace:
0   chromedriver                        0x00000001054bb454 chromedriver + 5944404
1   chromedriver                        0x0000000104f5c4f0 chromedriver + 312560
2   chromedriver                        0x0000000104fa5978 chromedriver + 612728
3   chromedriver                        0x0000000104fe4cb0 chromedriver + 871600
4   chromedriver                        0x0000000104f9b348 chromedriver + 570184
5   chromedriver                        0x00000001054806a4 chromedriver + 5703332
6   chromedriver                        0x0000000105483f24 chromedriver + 5717796
7   chromedriver                        0x0000000105466338 chromedriver + 5595960
8   chromedriver                        0x00000001054847b8 chromedriver + 5719992
9   chromedriver                        0x00000001054575e0 chromedriver + 5535200
10  chromedriver                        0x00000001054a9124 chromedriver + 5869860
11  chromedriver                        0x00000001054a9284 chromedriver + 5870212
12  chromedriver                        0x00000001054bb0ac chromedriver + 5943468
13  libsystem_pthread.dylib             0x000000018c565c54 _pthread_start + 132
14  libsystem_pthread.dylib             0x000000018c560c18 thread_start + 4
. Intentando solo texto...
2026-07-17 14:02:32,023 INFO Texto enviado!
2026-07-17 14:02:32,026 INFO Reporte enviado correctamente!
2026-07-17 14:02:35,801 INFO Listo!
2026-07-18 14:01:29,701 INFO Descargando Excel desde Google Drive...
2026-07-18 21:25:04,450 ERROR Error obteniendo datos: The read operation timed out
2026-07-19 14:03:22,807 INFO Descargando Excel desde Google Drive...
2026-07-19 14:03:36,702 INFO Agendados hoy: 0 en 0 CRMs
2026-07-19 14:03:36,702 INFO Abriendo Chrome para WhatsApp Web...
2026-07-19 14:03:43,829 INFO Esperando WhatsApp Web... (si aparece QR, escanealo con tu telefono)
2026-07-19 14:46:44,589 ERROR Timeout esperando WhatsApp Web. Verifica la sesion/QR.
2026-07-20 14:00:03,928 INFO Descargando Excel desde Google Drive...
2026-07-20 14:00:30,050 INFO Agendados hoy: 13 en 2 CRMs
2026-07-20 14:00:30,051 INFO Generando grafico...
2026-07-20 14:00:30,146 INFO Abriendo Chrome para WhatsApp Web...
2026-07-20 14:00:40,970 INFO Esperando WhatsApp Web... (si aparece QR, escanealo con tu telefono)
2026-07-20 14:03:41,330 ERROR Timeout esperando WhatsApp Web. Verifica la sesion/QR.
2026-07-21 14:00:04,556 INFO Descargando Excel desde Google Drive...
2026-07-21 14:00:56,667 INFO Agendados hoy: 9 en 3 CRMs
2026-07-21 14:00:56,670 INFO Generando grafico...
2026-07-21 14:00:56,778 INFO Abriendo Chrome para WhatsApp Web...
2026-07-21 14:01:06,423 INFO Esperando WhatsApp Web... (si aparece QR, escanealo con tu telefono)
2026-07-21 14:04:06,387 ERROR Timeout esperando WhatsApp Web. Verifica la sesion/QR.
2026-07-22 14:00:04,762 INFO Descargando Excel desde Google Drive...
2026-07-22 14:00:23,201 INFO Agendados hoy: 7 en 3 CRMs
2026-07-22 14:00:23,201 INFO Generando grafico...
2026-07-22 14:00:23,301 INFO Abriendo Chrome para WhatsApp Web...
2026-07-22 14:00:34,545 INFO Esperando WhatsApp Web... (si aparece QR, escanealo con tu telefono)
2026-07-22 14:03:34,799 ERROR Timeout esperando WhatsApp Web. Verifica la sesion/QR.
2026-07-23 14:00:08,178 INFO Descargando Excel desde Google Drive...
2026-07-23 14:00:08,178 ERROR Error obteniendo datos: [Errno 2] No such file or directory: '/Users/dermaessenza/TRABAJO/derma-essenza-73300c21ffe8.json'
2026-07-24 14:02:51,699 INFO Descargando Excel desde Google Drive...
2026-07-24 14:02:51,699 ERROR Error obteniendo datos: [Errno 2] No such file or directory: '/Users/dermaessenza/TRABAJO/derma-essenza-73300c21ffe8.json'
