2026-07-29 16:11:40,216 ERROR Error: name 'datetime' is not defined
2026-07-29 16:12:03,701 INFO Semana 2026-07-13 al 2026-07-18
2026-07-29 16:12:05,717 INFO 122 en 4 CRMs
2026-07-29 16:12:05,717 INFO Generando tabla...
2026-07-29 16:12:07,100 INFO Abriendo WhatsApp...
2026-07-29 16:12:24,332 INFO Esperando...
2026-07-29 16:12:34,468 INFO Enviado!
2026-07-29 16:12:34,470 INFO Listo!
2026-07-29 16:12:39,540 INFO Semana 2026-07-27 al 2026-08-01
2026-07-29 16:12:41,208 INFO 65 en 4 CRMs
2026-07-29 16:12:41,208 INFO Generando tabla...
2026-07-29 16:12:42,342 INFO Abriendo WhatsApp...
2026-07-29 16:12:59,341 INFO Esperando...
2026-07-29 16:13:09,474 INFO Enviado!
2026-07-29 16:13:09,477 INFO Listo!
2026-07-29 16:14:50,240 INFO Semana 2026-07-27 al 2026-08-01
2026-07-29 16:14:52,011 INFO 65 en 4 CRMs
2026-07-29 16:14:52,011 INFO Generando tabla...
2026-07-29 16:14:53,411 INFO Abriendo WhatsApp...
2026-07-29 16:15:10,666 INFO Esperando...
2026-07-29 16:15:20,806 INFO Enviado!
2026-07-29 16:15:20,808 INFO Listo!
2026-07-29 16:18:35,888 INFO Semana 2026-07-20 al 2026-07-25
2026-07-29 16:18:37,841 INFO 101 en 4 CRMs
2026-07-29 16:18:37,841 INFO Generando tabla...
2026-07-29 16:18:39,180 INFO Abriendo WhatsApp...
2026-07-29 16:18:56,396 INFO Esperando...
2026-07-29 16:19:06,531 INFO Enviado!
2026-07-29 16:19:06,533 INFO Listo!
